# bin/netChop test/test.fsa
# Wed Jan  4 15:51:03 2006
# rapacki
# /usr/cbs/packages/netchop/currdist/netchop-3.1
# Linux life 2.6.5-7.201-sn2 ia64
# Command line parameters set to:
#	[-t float]           0.500000             Threshold for assigned cleavage site
#	[-d filename]        /usr/cbs/packages/netchop/currdist/netchop-3.1 Directory for executables and data
#	[-v int]             0                    [0] Cterm3.0 [1] 20S-3.0
#	[-verbose]           0                    Verbose
#	[-s]                 0                    Short format (default long)
#	[-tdir filename]     /var/tmp             Directory for temporaty files
NetChop 3.0 predictions using version C-term. Threshold 0.500000

--------------------------------------
 pos  AA  C      score      Ident
--------------------------------------
   1   M  S   0.760600 gi|3333147
   2   A  .   0.483380 gi|3333147
   3   G  .   0.088514 gi|3333147
   4   R  S   0.783121 gi|3333147
   5   S  .   0.025553 gi|3333147
   6   G  .   0.026741 gi|3333147
   7   D  .   0.023127 gi|3333147
   8   N  .   0.030540 gi|3333147
   9   D  .   0.022881 gi|3333147
  10   E  .   0.024888 gi|3333147
  11   E  .   0.033773 gi|3333147
  12   L  S   0.550572 gi|3333147
  13   L  S   0.555030 gi|3333147
  14   K  .   0.226844 gi|3333147
  15   A  .   0.039277 gi|3333147
  16   V  .   0.087684 gi|3333147
  17   R  .   0.038433 gi|3333147
  18   I  .   0.071550 gi|3333147
  19   I  S   0.583019 gi|3333147
  20   K  .   0.423647 gi|3333147
  21   I  S   0.802806 gi|3333147
  22   L  S   0.939493 gi|3333147
  23   Y  S   0.973896 gi|3333147
  24   K  S   0.965325 gi|3333147
  25   S  .   0.145068 gi|3333147
  26   N  .   0.032141 gi|3333147
  27   P  .   0.028105 gi|3333147
  28   Y  S   0.932748 gi|3333147
  29   P  .   0.159190 gi|3333147
  30   E  .   0.036245 gi|3333147
  31   P  .   0.172684 gi|3333147
  32   K  S   0.842824 gi|3333147
  33   G  .   0.050666 gi|3333147
  34   S  .   0.095315 gi|3333147
  35   R  S   0.931948 gi|3333147
  36   Q  S   0.508385 gi|3333147
  37   A  .   0.342489 gi|3333147
  38   R  S   0.757378 gi|3333147
  39   K  .   0.463775 gi|3333147
  40   N  .   0.032761 gi|3333147
  41   R  .   0.063504 gi|3333147
  42   R  S   0.618296 gi|3333147
  43   R  .   0.068201 gi|3333147
  44   R  .   0.107091 gi|3333147
  45   W  S   0.943159 gi|3333147
  46   R  .   0.057273 gi|3333147
  47   A  .   0.205808 gi|3333147
  48   R  .   0.442783 gi|3333147
  49   Q  .   0.056007 gi|3333147
  50   R  S   0.888533 gi|3333147
  51   Q  .   0.082261 gi|3333147
  52   I  .   0.086568 gi|3333147
  53   D  .   0.049364 gi|3333147
  54   S  .   0.024430 gi|3333147
  55   I  S   0.686958 gi|3333147
  56   S  .   0.026078 gi|3333147
  57   E  .   0.035062 gi|3333147
  58   R  S   0.703034 gi|3333147
  59   I  S   0.612807 gi|3333147
  60   L  .   0.463614 gi|3333147
  61   S  .   0.024117 gi|3333147
  62   T  S   0.617186 gi|3333147
  63   Y  S   0.976444 gi|3333147
  64   L  S   0.974934 gi|3333147
  65   G  .   0.369951 gi|3333147
  66   R  S   0.505962 gi|3333147
  67   S  .   0.069255 gi|3333147
  68   T  .   0.041340 gi|3333147
  69   E  .   0.138658 gi|3333147
  70   P  .   0.280596 gi|3333147
  71   V  S   0.792258 gi|3333147
  72   P  .   0.033390 gi|3333147
  73   L  S   0.974409 gi|3333147
  74   Q  .   0.155208 gi|3333147
  75   L  S   0.952173 gi|3333147
  76   P  .   0.037483 gi|3333147
  77   P  .   0.258487 gi|3333147
  78   L  S   0.970379 gi|3333147
  79   E  .   0.065880 gi|3333147
  80   R  S   0.826340 gi|3333147
  81   L  S   0.975798 gi|3333147
  82   H  .   0.255651 gi|3333147
  83   L  S   0.976699 gi|3333147
  84   D  S   0.650097 gi|3333147
  85   C  .   0.074789 gi|3333147
  86   R  .   0.284180 gi|3333147
  87   E  .   0.037733 gi|3333147
  88   D  .   0.200770 gi|3333147
  89   C  .   0.025070 gi|3333147
  90   G  .   0.026378 gi|3333147
  91   T  .   0.030066 gi|3333147
  92   S  .   0.044631 gi|3333147
  93   G  .   0.116686 gi|3333147
  94   T  .   0.395752 gi|3333147
  95   Q  .   0.155703 gi|3333147
  96   Q  .   0.040879 gi|3333147
  97   S  .   0.079561 gi|3333147
  98   Q  .   0.110271 gi|3333147
  99   G  .   0.051468 gi|3333147
 100   V  S   0.785155 gi|3333147
 101   E  .   0.028058 gi|3333147
 102   T  .   0.038490 gi|3333147
 103   G  .   0.088025 gi|3333147
 104   V  S   0.910187 gi|3333147
 105   G  .   0.028142 gi|3333147
 106   R  .   0.064964 gi|3333147
 107   P  .   0.332911 gi|3333147
 108   Q  .   0.038697 gi|3333147
 109   I  .   0.340281 gi|3333147
 110   S  .   0.030265 gi|3333147
 111   V  S   0.963768 gi|3333147
 112   E  .   0.034828 gi|3333147
 113   S  .   0.114984 gi|3333147
 114   P  .   0.048685 gi|3333147
 115   V  .   0.368452 gi|3333147
 116   I  S   0.539323 gi|3333147
 117   L  S   0.923565 gi|3333147
 118   G  .   0.328609 gi|3333147
 119   S  .   0.238673 gi|3333147
 120   R  .   0.467131 gi|3333147
 121   T  .   0.461417 gi|3333147
 122   K  S   0.958277 gi|3333147
 123   N  .   0.177359 gi|3333147
--------------------------------------

Number of cleavage sites 38. Number of amino acids 123. Protein name gi|3333147

--------------------------------------
