# /usr/cbs/bio/src/netCTLpan-1.1/Linux_i686/bin/netCTLpan test.fsa
# Wed Apr  6 15:35:52 2011
# User: mniel
# PWD : /usr/cbs/bio/src/netCTLpan-1.1/test
# Host: Linux lutra 2.6.13-15-default i686
# Command line parameters set to:
#	[-rdir filename]     /usr/cbs/bio/src/netCTLpan-1.1/Linux_i686 Home directory for NetMHpan
#	[-c filename]        /usr/cbs/bio/src/netCTLpan-1.1/Linux_i686/bin/clepred Cleavage prediction code
#	[-t filename]        /usr/cbs/bio/src/netCTLpan-1.1/Linux_i686/bin/tapmat_pred_fsa Tap prediciton code
#	[-m filename]        /usr/cbs/bio/src/netCTLpan-1.1/netMHCpan-2.3//netMHCpan MHC binding prediction code
#	[-v]                 0                    Verbose mode
#	[-dirty]             0                    Dirty mode, leave tmp dir+files
#	[-tdir filename]     /scratch             Temporary directory (Default $$)
#	[-hlaseq filename]                        File with full length HLA sequences
#	[-a line]            HLA-A02:01           HLA allele
#	[-f filename]                             File name with input
#	[-s int]             -1                   Sort output on score: 0 [comb], 1 [MHC], 2 [Cle], 3 [TAP] <0 No sort
#	[-l int]             9                    Peptide length [8-11]
#	[-xls]               0                    Save output to xls file
#	[-xlsfile filename]  NetCTLpan_out.xls    Filename for xls dump
#	[-thr float]         -99.900002           Threshold for output
#	[-listMHC]           0                    Print list of alleles included in netMHCpan
#	[-thrfmt filename]   /usr/cbs/bio/src/netCTLpan-1.1/Linux_i686/data/threshold/%s.thr Format for threshold filenames
#	[-wt float]          0.025000             Weight of tap
#	[-wc float]          0.225000             Weight of Clevage
#	[-ethr float]        1.000000             Threshold for epitopes
#	[-version filename]  /usr/cbs/bio/src/netCTLpan-1.1/Linux_i686/data/version File with version information

# NetCTLpan version 1.1


# Peptide length 9
# NetCTLpan predictions for HLA-A*02:01 allele.

#  N   Sequence Name       Allele      Peptide      MHC      TAP      Cle     Comb  %Rank
   0 143B_BOVIN_(P29  HLA-A*02:01    TMDKSELVQ  0.05800 -0.37000  0.16188  0.08517  50.00 
   1 143B_BOVIN_(P29  HLA-A*02:01    MDKSELVQK  0.01400  0.21200  0.53837  0.14043  50.00 
   2 143B_BOVIN_(P29  HLA-A*02:01    DKSELVQKA  0.01200 -0.77000  0.78670  0.16976  50.00 
   3 143B_BOVIN_(P29  HLA-A*02:01    KSELVQKAK  0.01200  0.32900  0.45985  0.12369  50.00 
   4 143B_BOVIN_(P29  HLA-A*02:01    SELVQKAKL  0.02300  0.99100  0.91927  0.25461  32.00 
   5 143B_BOVIN_(P29  HLA-A*02:01    ELVQKAKLA  0.04800 -0.58800  0.40536  0.12451  50.00 
   6 143B_BOVIN_(P29  HLA-A*02:01    LVQKAKLAE  0.01700 -1.62200  0.02460 -0.01802  50.00 
   7 143B_BOVIN_(P29  HLA-A*02:01    VQKAKLAEQ  0.03300  0.07800  0.17712  0.07480  50.00 
   8 143B_BOVIN_(P29  HLA-A*02:01    QKAKLAEQA  0.01300 -0.40900  0.10142  0.02560  50.00 
   9 143B_BOVIN_(P29  HLA-A*02:01    KAKLAEQAE  0.00900 -1.45700  0.03075 -0.02051  50.00 
  10 143B_BOVIN_(P29  HLA-A*02:01    AKLAEQAER  0.01000  1.79700  0.10704  0.07901  50.00 
  11 143B_BOVIN_(P29  HLA-A*02:01    KLAEQAERY  0.10500  3.22200  0.78456  0.36208  10.00 
  12 143B_BOVIN_(P29  HLA-A*02:01    LAEQAERYD  0.00700 -1.80200  0.02306 -0.03286  50.00 
  13 143B_BOVIN_(P29  HLA-A*02:01    AEQAERYDD  0.00600 -1.79100  0.02365 -0.03345  50.00 
  14 143B_BOVIN_(P29  HLA-A*02:01    EQAERYDDM  0.04800  0.34700  0.18381  0.09803  50.00 
  15 143B_BOVIN_(P29  HLA-A*02:01    QAERYDDMA  0.02200 -0.78100  0.03488  0.01032  50.00 
  16 143B_BOVIN_(P29  HLA-A*02:01    AERYDDMAA  0.01500 -0.52700  0.04061  0.01096  50.00 
  17 143B_BOVIN_(P29  HLA-A*02:01    ERYDDMAAA  0.03000 -0.19200  0.58381  0.15656  50.00 
  18 143B_BOVIN_(P29  HLA-A*02:01    RYDDMAAAM  0.08400  0.47000  0.94653  0.30872  16.00 
  19 143B_BOVIN_(P29  HLA-A*02:01    YDDMAAAMK  0.02000  0.09300  0.58647  0.15428  50.00 
  20 143B_BOVIN_(P29  HLA-A*02:01    DDMAAAMKA  0.01800 -1.14600  0.27543  0.05132  50.00 
  21 143B_BOVIN_(P29  HLA-A*02:01    DMAAAMKAV  0.22400 -0.00200  0.19843  0.26860  32.00 
  22 143B_BOVIN_(P29  HLA-A*02:01    MAAAMKAVT  0.06900 -0.72800  0.03503  0.05868  50.00 
  23 143B_BOVIN_(P29  HLA-A*02:01    AAAMKAVTE  0.01700 -1.31600  0.02935 -0.00930  50.00 
  24 143B_BOVIN_(P29  HLA-A*02:01    AAMKAVTEQ  0.03600  0.31000  0.09607  0.06537  50.00 
  25 143B_BOVIN_(P29  HLA-A*02:01    AMKAVTEQG  0.05400 -0.97800  0.29782  0.09656  50.00 
  26 143B_BOVIN_(P29  HLA-A*02:01    MKAVTEQGH  0.00800 -0.26800  0.07136  0.01736  50.00 
  27 143B_BOVIN_(P29  HLA-A*02:01    KAVTEQGHE  0.00600 -1.29200  0.02637 -0.02037  50.00 
  28 143B_BOVIN_(P29  HLA-A*02:01    AVTEQGHEL  0.20300  1.30200  0.97058  0.45393   6.00 
  29 143B_BOVIN_(P29  HLA-A*02:01    VTEQGHELS  0.01500 -2.19500  0.05235 -0.02810  50.00 
  30 143B_BOVIN_(P29  HLA-A*02:01    TEQGHELSN  0.00800 -1.45700  0.03472 -0.02061  50.00 
  31 143B_BOVIN_(P29  HLA-A*02:01    EQGHELSNE  0.00900 -1.84700  0.02400 -0.03177  50.00 
  32 143B_BOVIN_(P29  HLA-A*02:01    QGHELSNEE  0.00600 -1.95600  0.03145 -0.03582  50.00 
  33 143B_BOVIN_(P29  HLA-A*02:01    GHELSNEER  0.00600  1.12000  0.26136  0.09280  50.00 
  34 143B_BOVIN_(P29  HLA-A*02:01    HELSNEERN  0.00500 -1.55400  0.02457 -0.02832  50.00 
  35 143B_BOVIN_(P29  HLA-A*02:01    ELSNEERNL  0.06100  0.74300  0.27764  0.14204  50.00 
  36 143B_BOVIN_(P29  HLA-A*02:01    LSNEERNLL  0.06400  0.73800  0.62810  0.22377  32.00 
  37 143B_BOVIN_(P29  HLA-A*02:01    SNEERNLLS  0.01300 -2.44100  0.02452 -0.04251  50.00 
  38 143B_BOVIN_(P29  HLA-A*02:01    NEERNLLSV  0.05300  0.12600  0.49708  0.16799  50.00 
  39 143B_BOVIN_(P29  HLA-A*02:01    EERNLLSVA  0.01500 -0.68500  0.06033  0.01145  50.00 
  40 143B_BOVIN_(P29  HLA-A*02:01    ERNLLSVAY  0.01300  2.66600  0.92282  0.28728  32.00 
  41 143B_BOVIN_(P29  HLA-A*02:01    RNLLSVAYK  0.02600  0.40700  0.25725  0.09406  50.00 
  42 143B_BOVIN_(P29  HLA-A*02:01    NLLSVAYKN  0.08100 -1.10900  0.04865  0.06422  50.00 
  43 143B_BOVIN_(P29  HLA-A*02:01    LLSVAYKNV  0.47200  0.47500  0.48171  0.59226   4.00 
  44 143B_BOVIN_(P29  HLA-A*02:01    LSVAYKNVV  0.11600  0.48500  0.63187  0.27029  32.00 
  45 143B_BOVIN_(P29  HLA-A*02:01    SVAYKNVVG  0.03000 -1.13900  0.04897  0.01254  50.00 
  46 143B_BOVIN_(P29  HLA-A*02:01    VAYKNVVGA  0.26000 -0.18000  0.79787  0.43502   7.00 
  47 143B_BOVIN_(P29  HLA-A*02:01    AYKNVVGAR  0.01800  1.93800  0.84650  0.25691  32.00 
  48 143B_BOVIN_(P29  HLA-A*02:01    YKNVVGARR  0.01300  1.57400  0.31721  0.12372  50.00 
  49 143B_BOVIN_(P29  HLA-A*02:01    KNVVGARRS  0.01000 -2.26500  0.02682 -0.04059  50.00 
  50 143B_BOVIN_(P29  HLA-A*02:01    NVVGARRSS  0.01800 -1.89100  0.02478 -0.02370  50.00 
  51 143B_BOVIN_(P29  HLA-A*02:01    VVGARRSSW  0.03400  1.06300  0.23312  0.11303  50.00 
  52 143B_BOVIN_(P29  HLA-A*02:01    VGARRSSWR  0.01200  1.34400  0.07507  0.06249  50.00 
  53 143B_BOVIN_(P29  HLA-A*02:01    GARRSSWRV  0.06400  0.28400  0.74103  0.23783  32.00 
  54 143B_BOVIN_(P29  HLA-A*02:01    ARRSSWRVI  0.02000  0.90400  0.24099  0.09682  50.00 
  55 143B_BOVIN_(P29  HLA-A*02:01    RRSSWRVIS  0.01600 -1.64500  0.17272  0.01374  50.00 
  56 143B_BOVIN_(P29  HLA-A*02:01    RSSWRVISS  0.06200 -1.83300  0.03653  0.02440  50.00 
  57 143B_BOVIN_(P29  HLA-A*02:01    SSWRVISSI  0.24900  0.93200  0.96898  0.49032   6.00 
  58 143B_BOVIN_(P29  HLA-A*02:01    SWRVISSIE  0.01200 -1.16300  0.03685 -0.00878  50.00 
  59 143B_BOVIN_(P29  HLA-A*02:01    WRVISSIEQ  0.01200  0.20600  0.39693  0.10646  50.00 
  60 143B_BOVIN_(P29  HLA-A*02:01    RVISSIEQK  0.04000  0.86000  0.64809  0.20732  32.00 
  61 143B_BOVIN_(P29  HLA-A*02:01    VISSIEQKT  0.06100 -0.38700  0.10451  0.07484  50.00 
  62 143B_BOVIN_(P29  HLA-A*02:01    ISSIEQKTE  0.00700 -1.45900  0.02613 -0.02360  50.00 
  63 143B_BOVIN_(P29  HLA-A*02:01    SSIEQKTER  0.01300  1.65600  0.79239  0.23269  32.00 
  64 143B_BOVIN_(P29  HLA-A*02:01    SIEQKTERN  0.00900 -1.22400  0.09786  0.00042  50.00 
  65 143B_BOVIN_(P29  HLA-A*02:01    IEQKTERNE  0.00500 -1.65600  0.02330 -0.03116  50.00 
  66 143B_BOVIN_(P29  HLA-A*02:01    EQKTERNEK  0.00600  0.34300  0.60936  0.15168  50.00 
  67 143B_BOVIN_(P29  HLA-A*02:01    QKTERNEKK  0.00300  0.32400  0.62923  0.15268  50.00 
  68 143B_BOVIN_(P29  HLA-A*02:01    KTERNEKKQ  0.00300 -0.21300  0.03719  0.00604  50.00 
  69 143B_BOVIN_(P29  HLA-A*02:01    TERNEKKQQ  0.00400 -0.11200  0.02754  0.00740  50.00 
  70 143B_BOVIN_(P29  HLA-A*02:01    ERNEKKQQM  0.01100  0.22300  0.84968  0.20775  32.00 
  71 143B_BOVIN_(P29  HLA-A*02:01    RNEKKQQMG  0.00400 -1.61500  0.02944 -0.02975  50.00 
  72 143B_BOVIN_(P29  HLA-A*02:01    NEKKQQMGK  0.00600  0.49600  0.80748  0.20008  32.00 
  73 143B_BOVIN_(P29  HLA-A*02:01    EKKQQMGKE  0.00300 -1.58100  0.02608 -0.03066  50.00 
  74 143B_BOVIN_(P29  HLA-A*02:01    KKQQMGKEY  0.01100  2.88200  0.71350  0.24359  32.00 
  75 143B_BOVIN_(P29  HLA-A*02:01    KQQMGKEYR  0.04500  1.73600  0.04894  0.09941  50.00 
  76 143B_BOVIN_(P29  HLA-A*02:01    QQMGKEYRE  0.03600 -1.31100  0.02587  0.00905  50.00 
  77 143B_BOVIN_(P29  HLA-A*02:01    QMGKEYREK  0.01900  0.38700  0.38117  0.11444  50.00 
  78 143B_BOVIN_(P29  HLA-A*02:01    MGKEYREKI  0.02400  0.26400  0.67338  0.18211  50.00 
  79 143B_BOVIN_(P29  HLA-A*02:01    GKEYREKIE  0.00200 -1.80300  0.02321 -0.03785  50.00 
  80 143B_BOVIN_(P29  HLA-A*02:01    KEYREKIEA  0.04000 -0.40700  0.49880  0.14205  50.00 
  81 143B_BOVIN_(P29  HLA-A*02:01    EYREKIEAE  0.00600 -1.35500  0.02814 -0.02154  50.00 
  82 143B_BOVIN_(P29  HLA-A*02:01    YREKIEAEL  0.05100  0.83000  0.94954  0.28540  32.00 
  83 143B_BOVIN_(P29  HLA-A*02:01    REKIEAELQ  0.00700 -0.05100  0.03038  0.01256  50.00 
  84 143B_BOVIN_(P29  HLA-A*02:01    EKIEAELQD  0.00400 -1.76900  0.02542 -0.03451  50.00 
  85 143B_BOVIN_(P29  HLA-A*02:01    KIEAELQDI  0.20300  0.45900  0.18696  0.25654  32.00 
  86 143B_BOVIN_(P29  HLA-A*02:01    IEAELQDIC  0.02000  0.02000  0.02382  0.02586  50.00 
  87 143B_BOVIN_(P29  HLA-A*02:01    EAELQDICN  0.00400 -1.60200  0.02461 -0.03051  50.00 
  88 143B_BOVIN_(P29  HLA-A*02:01    AELQDICND  0.00800 -1.95600  0.02899 -0.03438  50.00 
  89 143B_BOVIN_(P29  HLA-A*02:01    ELQDICNDV  0.20700  0.25200  0.90659  0.41728   7.00 
  90 143B_BOVIN_(P29  HLA-A*02:01    LQDICNDVL  0.19900  0.69100  0.57025  0.34458  16.00 
  91 143B_BOVIN_(P29  HLA-A*02:01    QDICNDVLQ  0.00700 -0.28300  0.04061  0.00906  50.00 
  92 143B_BOVIN_(P29  HLA-A*02:01    DICNDVLQL  0.07300  0.72700  0.75054  0.26005  32.00 
  93 143B_BOVIN_(P29  HLA-A*02:01    ICNDVLQLL  0.15300  0.76500  0.71560  0.33313  16.00 
  94 143B_BOVIN_(P29  HLA-A*02:01    CNDVLQLLD  0.01000 -2.17600  0.02467 -0.03885  50.00 
  95 143B_BOVIN_(P29  HLA-A*02:01    NDVLQLLDK  0.00800  0.26500  0.32363  0.08744  50.00 
  96 143B_BOVIN_(P29  HLA-A*02:01    DVLQLLDKY  0.02200  2.90600  0.87074  0.29057  16.00 
  97 143B_BOVIN_(P29  HLA-A*02:01    VLQLLDKYL  0.33500  0.86500  0.35484  0.43646   7.00 
  98 143B_BOVIN_(P29  HLA-A*02:01    LQLLDKYLI  0.31500  0.67900  0.37933  0.41733   7.00 
  99 143B_BOVIN_(P29  HLA-A*02:01    QLLDKYLIP  0.08000  0.20300  0.30229  0.15309  50.00 
 100 143B_BOVIN_(P29  HLA-A*02:01    LLDKYLIPN  0.23500 -1.51700  0.30639  0.26601  32.00 
 101 143B_BOVIN_(P29  HLA-A*02:01    LDKYLIPNA  0.02600 -0.79300  0.03562  0.01419  50.00 
 102 143B_BOVIN_(P29  HLA-A*02:01    DKYLIPNAT  0.01300 -0.73700  0.05061  0.00596  50.00 
 103 143B_BOVIN_(P29  HLA-A*02:01    KYLIPNATQ  0.02000  0.14500  0.29905  0.09091  50.00 
 104 143B_BOVIN_(P29  HLA-A*02:01    YLIPNATQP  0.19500  0.27400  0.09126  0.22238  32.00 
 105 143B_BOVIN_(P29  HLA-A*02:01    LIPNATQPE  0.02200 -1.50000  0.03339 -0.00799  50.00 
 106 143B_BOVIN_(P29  HLA-A*02:01    IPNATQPES  0.01300 -2.57300  0.05760 -0.03836  50.00 
 107 143B_BOVIN_(P29  HLA-A*02:01    PNATQPESK  0.00400 -0.14200  0.10121  0.02322  50.00 
 108 143B_BOVIN_(P29  HLA-A*02:01    NATQPESKV  0.02800  0.22300  0.54188  0.15550  50.00 
 109 143B_BOVIN_(P29  HLA-A*02:01    ATQPESKVF  0.02300  2.76600  0.90485  0.29574  16.00 
 110 143B_BOVIN_(P29  HLA-A*02:01    TQPESKVFY  0.04900  3.11800  0.56423  0.25390  32.00 
 111 143B_BOVIN_(P29  HLA-A*02:01    QPESKVFYL  0.04100  0.52900  0.94899  0.26775  32.00 
 112 143B_BOVIN_(P29  HLA-A*02:01    PESKVFYLK  0.02000 -0.20400  0.80011  0.19493  50.00 
 113 143B_BOVIN_(P29  HLA-A*02:01    ESKVFYLKM  0.02500 -0.00600  0.91689  0.23115  32.00 
 114 143B_BOVIN_(P29  HLA-A*02:01    SKVFYLKMK  0.01400  0.47800  0.11423  0.05165  50.00 
 115 143B_BOVIN_(P29  HLA-A*02:01    KVFYLKMKG  0.03200 -0.98400  0.02820  0.01375  50.00 
 116 143B_BOVIN_(P29  HLA-A*02:01    VFYLKMKGD  0.02000 -1.29800  0.02631 -0.00653  50.00 
 117 143B_BOVIN_(P29  HLA-A*02:01    FYLKMKGDY  0.02200  3.15900  0.61124  0.23850  32.00 
 118 143B_BOVIN_(P29  HLA-A*02:01    YLKMKGDYF  0.11600  2.42700  0.24840  0.23256  32.00 
 119 143B_BOVIN_(P29  HLA-A*02:01    LKMKGDYFR  0.02500  1.55100  0.18648  0.10573  50.00 
 120 143B_BOVIN_(P29  HLA-A*02:01    KMKGDYFRY  0.10900  3.19900  0.96854  0.40690   8.00 
 121 143B_BOVIN_(P29  HLA-A*02:01    MKGDYFRYL  0.08200  0.98900  0.91894  0.31349  16.00 
 122 143B_BOVIN_(P29  HLA-A*02:01    KGDYFRYLS  0.03800 -2.54500  0.03650 -0.01741  50.00 
 123 143B_BOVIN_(P29  HLA-A*02:01    GDYFRYLSE  0.01800 -1.76400  0.05702 -0.01327  50.00 
 124 143B_BOVIN_(P29  HLA-A*02:01    DYFRYLSEV  0.06800  0.34500  0.97058  0.29501  16.00 
 125 143B_BOVIN_(P29  HLA-A*02:01    YFRYLSEVA  0.06200 -0.47800  0.15638  0.08523  50.00 
 126 143B_BOVIN_(P29  HLA-A*02:01    FRYLSEVAS  0.03500 -1.99900  0.05011 -0.00370  50.00 
 127 143B_BOVIN_(P29  HLA-A*02:01    RYLSEVASG  0.02100 -0.97400  0.13796  0.02769  50.00 
 128 143B_BOVIN_(P29  HLA-A*02:01    YLSEVASGD  0.23700 -1.68800  0.03664  0.20304  32.00 
 129 143B_BOVIN_(P29  HLA-A*02:01    LSEVASGDN  0.00500 -1.46700  0.02882 -0.02519  50.00 
 130 143B_BOVIN_(P29  HLA-A*02:01    SEVASGDNK  0.00900  0.50800  0.14102  0.05343  50.00 
 131 143B_BOVIN_(P29  HLA-A*02:01    EVASGDNKQ  0.00800 -0.10000  0.15086  0.03944  50.00 
 132 143B_BOVIN_(P29  HLA-A*02:01    VASGDNKQT  0.01500 -0.76200  0.03773  0.00444  50.00 
 133 143B_BOVIN_(P29  HLA-A*02:01    ASGDNKQTT  0.01100 -0.63700  0.07645  0.01228  50.00 
 134 143B_BOVIN_(P29  HLA-A*02:01    SGDNKQTTV  0.09400  0.07900  0.95954  0.31187  16.00 
 135 143B_BOVIN_(P29  HLA-A*02:01    GDNKQTTVS  0.00700 -2.77200  0.08441 -0.04331  50.00 
 136 143B_BOVIN_(P29  HLA-A*02:01    DNKQTTVSN  0.00400 -1.81600  0.04114 -0.03214  50.00 
 137 143B_BOVIN_(P29  HLA-A*02:01    NKQTTVSNS  0.00700 -2.33000  0.02999 -0.04450  50.00 
 138 143B_BOVIN_(P29  HLA-A*02:01    KQTTVSNSQ  0.03800  0.18200  0.56125  0.16883  50.00 
 139 143B_BOVIN_(P29  HLA-A*02:01    QTTVSNSQQ  0.00800 -0.04900  0.04891  0.01778  50.00 
 140 143B_BOVIN_(P29  HLA-A*02:01    TTVSNSQQA  0.05900 -0.54900  0.27422  0.10697  50.00 
 141 143B_BOVIN_(P29  HLA-A*02:01    TVSNSQQAY  0.03000  3.04800  0.95684  0.32149  16.00 
 142 143B_BOVIN_(P29  HLA-A*02:01    VSNSQQAYQ  0.01500 -0.08700  0.06183  0.02674  50.00 
 143 143B_BOVIN_(P29  HLA-A*02:01    SNSQQAYQE  0.00800 -1.62200  0.02478 -0.02698  50.00 
 144 143B_BOVIN_(P29  HLA-A*02:01    NSQQAYQEA  0.03000 -0.43600  0.05756  0.03205  50.00 
 145 143B_BOVIN_(P29  HLA-A*02:01    SQQAYQEAF  0.15400  2.77200  0.72690  0.38685   8.00 
 146 143B_BOVIN_(P29  HLA-A*02:01    QQAYQEAFE  0.01800 -1.40600  0.02238 -0.01212  50.00 
 147 143B_BOVIN_(P29  HLA-A*02:01    QAYQEAFEI  0.18700  0.73800  0.74620  0.37335   9.00 
 148 143B_BOVIN_(P29  HLA-A*02:01    AYQEAFEIS  0.02300 -1.91800  0.06879 -0.00947  50.00 
 149 143B_BOVIN_(P29  HLA-A*02:01    YQEAFEISK  0.08300  0.53000  0.91739  0.30266  16.00 
 150 143B_BOVIN_(P29  HLA-A*02:01    QEAFEISKK  0.01000  0.30700  0.95995  0.23366  32.00 
 151 143B_BOVIN_(P29  HLA-A*02:01    EAFEISKKE  0.01100 -1.65400  0.07368 -0.01377  50.00 
 152 143B_BOVIN_(P29  HLA-A*02:01    AFEISKKEM  0.01400  0.30500  0.65511  0.16902  50.00 
 153 143B_BOVIN_(P29  HLA-A*02:01    FEISKKEMQ  0.00900 -0.11300  0.02597  0.01202  50.00 
 154 143B_BOVIN_(P29  HLA-A*02:01    EISKKEMQP  0.00900 -0.08000  0.03542  0.01497  50.00 
 155 143B_BOVIN_(P29  HLA-A*02:01    ISKKEMQPT  0.02000 -0.81100  0.03164  0.00684  50.00 
 156 143B_BOVIN_(P29  HLA-A*02:01    SKKEMQPTH  0.00800 -0.42600  0.09253  0.01817  50.00 
 157 143B_BOVIN_(P29  HLA-A*02:01    KKEMQPTHP  0.00300  0.17100  0.02902  0.01380  50.00 
 158 143B_BOVIN_(P29  HLA-A*02:01    KEMQPTHPI  0.17800  0.67200  0.89967  0.39723   8.00 
 159 143B_BOVIN_(P29  HLA-A*02:01    EMQPTHPIR  0.02200  1.47100  0.31437  0.12951  50.00 
 160 143B_BOVIN_(P29  HLA-A*02:01    MQPTHPIRL  0.23400  0.89500  0.95489  0.47122   6.00 
 161 143B_BOVIN_(P29  HLA-A*02:01    QPTHPIRLG  0.00800 -1.68700  0.08065 -0.01603  50.00 
 162 143B_BOVIN_(P29  HLA-A*02:01    PTHPIRLGL  0.04700  0.43400  0.76770  0.23058  32.00 
 163 143B_BOVIN_(P29  HLA-A*02:01    THPIRLGLA  0.03600 -0.70900  0.04437  0.02826  50.00 
 164 143B_BOVIN_(P29  HLA-A*02:01    HPIRLGLAL  0.06300  0.63800  0.82987  0.26567  32.00 
 165 143B_BOVIN_(P29  HLA-A*02:01    PIRLGLALN  0.01200 -1.64100  0.02541 -0.02331  50.00 
 166 143B_BOVIN_(P29  HLA-A*02:01    IRLGLALNF  0.04700  2.63700  0.46173  0.21681  32.00 
 167 143B_BOVIN_(P29  HLA-A*02:01    RLGLALNFS  0.14900 -2.13600  0.02525  0.10128  50.00 
 168 143B_BOVIN_(P29  HLA-A*02:01    LGLALNFSV  0.35800  0.20200  0.18228  0.40406   8.00 
 169 143B_BOVIN_(P29  HLA-A*02:01    GLALNFSVF  0.16700  2.44000  0.88531  0.42720   7.00 
 170 143B_BOVIN_(P29  HLA-A*02:01    LALNFSVFY  0.08500  2.96900  0.96263  0.37582   9.00 
 171 143B_BOVIN_(P29  HLA-A*02:01    ALNFSVFYY  0.23200  3.04200  0.97083  0.52649   5.00 
 172 143B_BOVIN_(P29  HLA-A*02:01    LNFSVFYYE  0.03800 -1.44800  0.06393  0.01618  50.00 
 173 143B_BOVIN_(P29  HLA-A*02:01    NFSVFYYEI  0.17500  0.78300  0.91820  0.40117   8.00 
 174 143B_BOVIN_(P29  HLA-A*02:01    FSVFYYEIL  0.18900  1.11900  0.89915  0.41928   7.00 
 175 143B_BOVIN_(P29  HLA-A*02:01    SVFYYEILN  0.06400 -1.11700  0.03313  0.04353  50.00 
 176 143B_BOVIN_(P29  HLA-A*02:01    VFYYEILNS  0.05400 -1.77500  0.02701  0.01570  50.00 
 177 143B_BOVIN_(P29  HLA-A*02:01    FYYEILNSP  0.05900  0.50800  0.30817  0.14104  50.00 
 178 143B_BOVIN_(P29  HLA-A*02:01    YYEILNSPE  0.01300 -1.57000  0.04665 -0.01575  50.00 
 179 143B_BOVIN_(P29  HLA-A*02:01    YEILNSPEK  0.02500  0.32600  0.95294  0.24756  32.00 
 180 143B_BOVIN_(P29  HLA-A*02:01    EILNSPEKA  0.04600 -0.64500  0.25730  0.08777  50.00 
 181 143B_BOVIN_(P29  HLA-A*02:01    ILNSPEKAC  0.07100 -0.20400  0.03692  0.07421  50.00 
 182 143B_BOVIN_(P29  HLA-A*02:01    LNSPEKACS  0.00700 -2.38900  0.02610 -0.04685  50.00 
 183 143B_BOVIN_(P29  HLA-A*02:01    NSPEKACSL  0.07700  1.06500  0.96531  0.32082  16.00 
 184 143B_BOVIN_(P29  HLA-A*02:01    SPEKACSLA  0.01800 -0.79000  0.93174  0.20789  32.00 
 185 143B_BOVIN_(P29  HLA-A*02:01    PEKACSLAK  0.00500 -0.09900  0.41253  0.09534  50.00 
 186 143B_BOVIN_(P29  HLA-A*02:01    EKACSLAKT  0.01200 -0.98800  0.03864 -0.00400  50.00 
 187 143B_BOVIN_(P29  HLA-A*02:01    KACSLAKTA  0.05700 -0.53400  0.04804  0.05446  50.00 
 188 143B_BOVIN_(P29  HLA-A*02:01    ACSLAKTAF  0.01600  2.79600  0.22218  0.13589  50.00 
 189 143B_BOVIN_(P29  HLA-A*02:01    CSLAKTAFD  0.02300 -1.64400  0.02626 -0.01219  50.00 
 190 143B_BOVIN_(P29  HLA-A*02:01    SLAKTAFDE  0.06500 -1.48300  0.03891  0.03668  50.00 
 191 143B_BOVIN_(P29  HLA-A*02:01    LAKTAFDEA  0.04500 -0.42700  0.22088  0.08402  50.00 
 192 143B_BOVIN_(P29  HLA-A*02:01    AKTAFDEAI  0.04600  0.74000  0.12444  0.09250  50.00 
 193 143B_BOVIN_(P29  HLA-A*02:01    KTAFDEAIA  0.14600 -0.27900  0.25579  0.19658  50.00 
 194 143B_BOVIN_(P29  HLA-A*02:01    TAFDEAIAE  0.02600 -1.32100  0.03407  0.00064  50.00 
 195 143B_BOVIN_(P29  HLA-A*02:01    AFDEAIAEL  0.40200  1.10000  0.97574  0.64904   3.00 
 196 143B_BOVIN_(P29  HLA-A*02:01    FDEAIAELD  0.00900 -2.20800  0.02565 -0.04043  50.00 
 197 143B_BOVIN_(P29  HLA-A*02:01    DEAIAELDT  0.00600 -1.24500  0.02383 -0.01976  50.00 
 198 143B_BOVIN_(P29  HLA-A*02:01    EAIAELDTL  0.09600  0.73300  0.61824  0.25343  32.00 
 199 143B_BOVIN_(P29  HLA-A*02:01    AIAELDTLN  0.04400 -1.19300  0.05451  0.02644  50.00 
 200 143B_BOVIN_(P29  HLA-A*02:01    IAELDTLNE  0.01200 -1.48000  0.04865 -0.01405  50.00 
 201 143B_BOVIN_(P29  HLA-A*02:01    AELDTLNEE  0.01700 -1.53000  0.06360 -0.00694  50.00 
 202 143B_BOVIN_(P29  HLA-A*02:01    ELDTLNEES  0.04600 -2.45200  0.04457 -0.00527  50.00 
 203 143B_BOVIN_(P29  HLA-A*02:01    LDTLNEESY  0.00800  2.41800  0.77601  0.24305  32.00 
 204 143B_BOVIN_(P29  HLA-A*02:01    DTLNEESYK  0.01000  0.19300  0.64369  0.15966  50.00 
 205 143B_BOVIN_(P29  HLA-A*02:01    TLNEESYKD  0.06700 -2.05000  0.05546  0.02823  50.00 
 206 143B_BOVIN_(P29  HLA-A*02:01    LNEESYKDS  0.00500 -2.52800  0.02337 -0.05294  50.00 
 207 143B_BOVIN_(P29  HLA-A*02:01    NEESYKDST  0.00800 -0.90000  0.02564 -0.00873  50.00 
 208 143B_BOVIN_(P29  HLA-A*02:01    EESYKDSTL  0.01600  0.75200  0.71138  0.19486  50.00 
 209 143B_BOVIN_(P29  HLA-A*02:01    ESYKDSTLI  0.05200  0.39100  0.80354  0.24257  32.00 
 210 143B_BOVIN_(P29  HLA-A*02:01    SYKDSTLIM  0.02900  0.45300  0.97351  0.25936  32.00 
 211 143B_BOVIN_(P29  HLA-A*02:01    YKDSTLIMQ  0.02400 -0.19800  0.06015  0.03258  50.00 
 212 143B_BOVIN_(P29  HLA-A*02:01    KDSTLIMQL  0.08500  0.69800  0.89874  0.30467  16.00 
 213 143B_BOVIN_(P29  HLA-A*02:01    DSTLIMQLL  0.06000  0.74400  0.74509  0.24625  32.00 
 214 143B_BOVIN_(P29  HLA-A*02:01    STLIMQLLR  0.04000  1.39500  0.10786  0.09914  50.00 
 215 143B_BOVIN_(P29  HLA-A*02:01    TLIMQLLRD  0.05800 -1.69400  0.03312  0.02310  50.00 
 216 143B_BOVIN_(P29  HLA-A*02:01    LIMQLLRDN  0.03700 -1.10800  0.02371  0.01463  50.00 
 217 143B_BOVIN_(P29  HLA-A*02:01    IMQLLRDNL  0.30500  1.11500  0.25153  0.38947   8.00 
 218 143B_BOVIN_(P29  HLA-A*02:01    MQLLRDNLT  0.12300 -0.55600  0.03096  0.11607  50.00 
 219 143B_BOVIN_(P29  HLA-A*02:01    QLLRDNLTL  0.42500  1.04100  0.97391  0.67015   3.00 
 220 143B_BOVIN_(P29  HLA-A*02:01    LLRDNLTLW  0.13600  0.90800  0.97197  0.37739   9.00 
 221 143B_BOVIN_(P29  HLA-A*02:01    LRDNLTLWT  0.02500 -0.62300  0.48298  0.11810  50.00 
 222 143B_BOVIN_(P29  HLA-A*02:01    RDNLTLWTS  0.02600 -2.35500  0.23105  0.01911  50.00 
 223 143B_BOVIN_(P29  HLA-A*02:01    DNLTLWTSE  0.00800 -1.88400  0.04242 -0.02956  50.00 
 224 143B_BOVIN_(P29  HLA-A*02:01    NLTLWTSEN  0.04800 -1.43400  0.64445  0.15715  50.00 
 225 143B_BOVIN_(P29  HLA-A*02:01    LTLWTSENQ  0.02900  0.03600  0.08977  0.05010  50.00 
 226 143B_BOVIN_(P29  HLA-A*02:01    TLWTSENQG  0.07600 -1.17700  0.49083  0.15701  50.00 
 227 143B_BOVIN_(P29  HLA-A*02:01    LWTSENQGD  0.00700 -1.59100  0.05418 -0.02059  50.00 
 228 143B_BOVIN_(P29  HLA-A*02:01    WTSENQGDE  0.00800 -1.57000  0.02809 -0.02493  50.00 
 229 143B_BOVIN_(P29  HLA-A*02:01    TSENQGDEG  0.00400 -1.57600  0.04109 -0.02615  50.00 
 230 143B_BOVIN_(P29  HLA-A*02:01    SENQGDEGD  0.00400 -1.98200  0.03467 -0.03775  50.00 
 231 143B_BOVIN_(P29  HLA-A*02:01    ENQGDEGDA  0.00500 -0.87000  0.07864  0.00094  50.00 
 232 143B_BOVIN_(P29  HLA-A*02:01    NQGDEGDAG  0.01000 -1.61300  0.03644 -0.02213  50.00 
 233 143B_BOVIN_(P29  HLA-A*02:01    QGDEGDAGE  0.00600 -1.85400  0.03549 -0.03236  50.00 
 234 143B_BOVIN_(P29  HLA-A*02:01    GDEGDAGEG  0.00300 -2.07500  0.20893 -0.00187  50.00 
 235 143B_BOVIN_(P29  HLA-A*02:01    DEGDAGEGE  0.00300 -2.21000  0.04146 -0.04292  50.00 
 236 143B_BOVIN_(P29  HLA-A*02:01    EGDAGEGEN  0.00400 -2.10100  0.05666 -0.03578  50.00 

----------------------------------------------------------------------

Number of MHC ligands 0 identified. Number of peptides 237. Allele HLA-A*02:01. Protein name 143B_BOVIN_(P29

----------------------------------------------------------------------

