# /usr/cbs/bio/src/netCTLpan-1.1/Linux_i686/bin/netCTLpan -hlaseq B0702.fsa test.fsa
# Wed Apr  6 15:36:22 2011
# User: mniel
# PWD : /usr/cbs/bio/src/netCTLpan-1.1/test
# Host: Linux lutra 2.6.13-15-default i686
# -hlaseq  B0702.fsa            File with full length HLA sequences
# Command line parameters set to:
#	[-rdir filename]     /usr/cbs/bio/src/netCTLpan-1.1/Linux_i686 Home directory for NetMHpan
#	[-c filename]        /usr/cbs/bio/src/netCTLpan-1.1/Linux_i686/bin/clepred Cleavage prediction code
#	[-t filename]        /usr/cbs/bio/src/netCTLpan-1.1/Linux_i686/bin/tapmat_pred_fsa Tap prediciton code
#	[-m filename]        /usr/cbs/bio/src/netCTLpan-1.1/netMHCpan-2.3//netMHCpan MHC binding prediction code
#	[-v]                 0                    Verbose mode
#	[-dirty]             0                    Dirty mode, leave tmp dir+files
#	[-tdir filename]     /scratch             Temporary directory (Default $$)
#	[-hlaseq filename]   B0702.fsa            File with full length HLA sequences
#	[-a line]            HLA-A02:01           HLA allele
#	[-f filename]                             File name with input
#	[-s int]             -1                   Sort output on score: 0 [comb], 1 [MHC], 2 [Cle], 3 [TAP] <0 No sort
#	[-l int]             9                    Peptide length [8-11]
#	[-xls]               0                    Save output to xls file
#	[-xlsfile filename]  NetCTLpan_out.xls    Filename for xls dump
#	[-thr float]         -99.900002           Threshold for output
#	[-listMHC]           0                    Print list of alleles included in netMHCpan
#	[-thrfmt filename]   /usr/cbs/bio/src/netCTLpan-1.1/Linux_i686/data/threshold/%s.thr Format for threshold filenames
#	[-wt float]          0.025000             Weight of tap
#	[-wc float]          0.225000             Weight of Clevage
#	[-ethr float]        1.000000             Threshold for epitopes
#	[-version filename]  /usr/cbs/bio/src/netCTLpan-1.1/Linux_i686/data/version File with version information

# NetCTLpan version 1.1


# Peptide length 9
# NetCTLpan predictions for USER_DEF allele.

#  N   Sequence Name       Allele      Peptide      MHC      TAP      Cle     Comb  %Rank
   0 143B_BOVIN_(P29     USER_DEF    TMDKSELVQ  0.01800 -0.37000  0.16188  0.04517 
   1 143B_BOVIN_(P29     USER_DEF    MDKSELVQK  0.01000  0.21200  0.53837  0.13643 
   2 143B_BOVIN_(P29     USER_DEF    DKSELVQKA  0.01200 -0.77000  0.78670  0.16976 
   3 143B_BOVIN_(P29     USER_DEF    KSELVQKAK  0.02200  0.32900  0.45985  0.13369 
   4 143B_BOVIN_(P29     USER_DEF    SELVQKAKL  0.03000  0.99100  0.91927  0.26161 
   5 143B_BOVIN_(P29     USER_DEF    ELVQKAKLA  0.02500 -0.58800  0.40536  0.10151 
   6 143B_BOVIN_(P29     USER_DEF    LVQKAKLAE  0.06200 -1.62200  0.02460  0.02698 
   7 143B_BOVIN_(P29     USER_DEF    VQKAKLAEQ  0.01200  0.07800  0.17712  0.05380 
   8 143B_BOVIN_(P29     USER_DEF    QKAKLAEQA  0.02000 -0.40900  0.10142  0.03260 
   9 143B_BOVIN_(P29     USER_DEF    KAKLAEQAE  0.04400 -1.45700  0.03075  0.01449 
  10 143B_BOVIN_(P29     USER_DEF    AKLAEQAER  0.00600  1.79700  0.10704  0.07501 
  11 143B_BOVIN_(P29     USER_DEF    KLAEQAERY  0.03000  3.22200  0.78456  0.28708 
  12 143B_BOVIN_(P29     USER_DEF    LAEQAERYD  0.01500 -1.80200  0.02306 -0.02486 
  13 143B_BOVIN_(P29     USER_DEF    AEQAERYDD  0.00700 -1.79100  0.02365 -0.03245 
  14 143B_BOVIN_(P29     USER_DEF    EQAERYDDM  0.06000  0.34700  0.18381  0.11003 
  15 143B_BOVIN_(P29     USER_DEF    QAERYDDMA  0.02800 -0.78100  0.03488  0.01632 
  16 143B_BOVIN_(P29     USER_DEF    AERYDDMAA  0.06400 -0.52700  0.04061  0.05996 
  17 143B_BOVIN_(P29     USER_DEF    ERYDDMAAA  0.06100 -0.19200  0.58381  0.18756 
  18 143B_BOVIN_(P29     USER_DEF    RYDDMAAAM  0.13600  0.47000  0.94653  0.36072 
  19 143B_BOVIN_(P29     USER_DEF    YDDMAAAMK  0.01700  0.09300  0.58647  0.15128 
  20 143B_BOVIN_(P29     USER_DEF    DDMAAAMKA  0.01900 -1.14600  0.27543  0.05232 
  21 143B_BOVIN_(P29     USER_DEF    DMAAAMKAV  0.11700 -0.00200  0.19843  0.16160 
  22 143B_BOVIN_(P29     USER_DEF    MAAAMKAVT  0.20900 -0.72800  0.03503  0.19868 
  23 143B_BOVIN_(P29     USER_DEF    AAAMKAVTE  0.05900 -1.31600  0.02935  0.03270 
  24 143B_BOVIN_(P29     USER_DEF    AAMKAVTEQ  0.08400  0.31000  0.09607  0.11337 
  25 143B_BOVIN_(P29     USER_DEF    AMKAVTEQG  0.02700 -0.97800  0.29782  0.06956 
  26 143B_BOVIN_(P29     USER_DEF    MKAVTEQGH  0.01300 -0.26800  0.07136  0.02236 
  27 143B_BOVIN_(P29     USER_DEF    KAVTEQGHE  0.01200 -1.29200  0.02637 -0.01437 
  28 143B_BOVIN_(P29     USER_DEF    AVTEQGHEL  0.16500  1.30200  0.97058  0.41593 
  29 143B_BOVIN_(P29     USER_DEF    VTEQGHELS  0.01200 -2.19500  0.05235 -0.03110 
  30 143B_BOVIN_(P29     USER_DEF    TEQGHELSN  0.00900 -1.45700  0.03472 -0.01961 
  31 143B_BOVIN_(P29     USER_DEF    EQGHELSNE  0.00500 -1.84700  0.02400 -0.03577 
  32 143B_BOVIN_(P29     USER_DEF    QGHELSNEE  0.01000 -1.95600  0.03145 -0.03182 
  33 143B_BOVIN_(P29     USER_DEF    GHELSNEER  0.00600  1.12000  0.26136  0.09280 
  34 143B_BOVIN_(P29     USER_DEF    HELSNEERN  0.00500 -1.55400  0.02457 -0.02832 
  35 143B_BOVIN_(P29     USER_DEF    ELSNEERNL  0.03400  0.74300  0.27764  0.11504 
  36 143B_BOVIN_(P29     USER_DEF    LSNEERNLL  0.10100  0.73800  0.62810  0.26077 
  37 143B_BOVIN_(P29     USER_DEF    SNEERNLLS  0.01200 -2.44100  0.02452 -0.04351 
  38 143B_BOVIN_(P29     USER_DEF    NEERNLLSV  0.03800  0.12600  0.49708  0.15299 
  39 143B_BOVIN_(P29     USER_DEF    EERNLLSVA  0.05000 -0.68500  0.06033  0.04645 
  40 143B_BOVIN_(P29     USER_DEF    ERNLLSVAY  0.03200  2.66600  0.92282  0.30628 
  41 143B_BOVIN_(P29     USER_DEF    RNLLSVAYK  0.02300  0.40700  0.25725  0.09106 
  42 143B_BOVIN_(P29     USER_DEF    NLLSVAYKN  0.01000 -1.10900  0.04865 -0.00678 
  43 143B_BOVIN_(P29     USER_DEF    LLSVAYKNV  0.05200  0.47500  0.48171  0.17226 
  44 143B_BOVIN_(P29     USER_DEF    LSVAYKNVV  0.11500  0.48500  0.63187  0.26929 
  45 143B_BOVIN_(P29     USER_DEF    SVAYKNVVG  0.06400 -1.13900  0.04897  0.04654 
  46 143B_BOVIN_(P29     USER_DEF    VAYKNVVGA  0.11600 -0.18000  0.79787  0.29102 
  47 143B_BOVIN_(P29     USER_DEF    AYKNVVGAR  0.01200  1.93800  0.84650  0.25091 
  48 143B_BOVIN_(P29     USER_DEF    YKNVVGARR  0.01300  1.57400  0.31721  0.12372 
  49 143B_BOVIN_(P29     USER_DEF    KNVVGARRS  0.02200 -2.26500  0.02682 -0.02859 
  50 143B_BOVIN_(P29     USER_DEF    NVVGARRSS  0.07900 -1.89100  0.02478  0.03730 
  51 143B_BOVIN_(P29     USER_DEF    VVGARRSSW  0.11600  1.06300  0.23312  0.19503 
  52 143B_BOVIN_(P29     USER_DEF    VGARRSSWR  0.01500  1.34400  0.07507  0.06549 
  53 143B_BOVIN_(P29     USER_DEF    GARRSSWRV  0.17500  0.28400  0.74103  0.34883 
  54 143B_BOVIN_(P29     USER_DEF    ARRSSWRVI  0.18200  0.90400  0.24099  0.25882 
  55 143B_BOVIN_(P29     USER_DEF    RRSSWRVIS  0.04100 -1.64500  0.17272  0.03874 
  56 143B_BOVIN_(P29     USER_DEF    RSSWRVISS  0.12200 -1.83300  0.03653  0.08440 
  57 143B_BOVIN_(P29     USER_DEF    SSWRVISSI  0.14400  0.93200  0.96898  0.38532 
  58 143B_BOVIN_(P29     USER_DEF    SWRVISSIE  0.03400 -1.16300  0.03685  0.01322 
  59 143B_BOVIN_(P29     USER_DEF    WRVISSIEQ  0.02100  0.20600  0.39693  0.11546 
  60 143B_BOVIN_(P29     USER_DEF    RVISSIEQK  0.02500  0.86000  0.64809  0.19232 
  61 143B_BOVIN_(P29     USER_DEF    VISSIEQKT  0.01600 -0.38700  0.10451  0.02984 
  62 143B_BOVIN_(P29     USER_DEF    ISSIEQKTE  0.00800 -1.45900  0.02613 -0.02260 
  63 143B_BOVIN_(P29     USER_DEF    SSIEQKTER  0.01000  1.65600  0.79239  0.22969 
  64 143B_BOVIN_(P29     USER_DEF    SIEQKTERN  0.00800 -1.22400  0.09786 -0.00058 
  65 143B_BOVIN_(P29     USER_DEF    IEQKTERNE  0.00600 -1.65600  0.02330 -0.03016 
  66 143B_BOVIN_(P29     USER_DEF    EQKTERNEK  0.01300  0.34300  0.60936  0.15868 
  67 143B_BOVIN_(P29     USER_DEF    QKTERNEKK  0.00400  0.32400  0.62923  0.15368 
  68 143B_BOVIN_(P29     USER_DEF    KTERNEKKQ  0.00800 -0.21300  0.03719  0.01104 
  69 143B_BOVIN_(P29     USER_DEF    TERNEKKQQ  0.00500 -0.11200  0.02754  0.00840 
  70 143B_BOVIN_(P29     USER_DEF    ERNEKKQQM  0.05100  0.22300  0.84968  0.24775 
  71 143B_BOVIN_(P29     USER_DEF    RNEKKQQMG  0.01600 -1.61500  0.02944 -0.01775 
  72 143B_BOVIN_(P29     USER_DEF    NEKKQQMGK  0.01000  0.49600  0.80748  0.20408 
  73 143B_BOVIN_(P29     USER_DEF    EKKQQMGKE  0.00300 -1.58100  0.02608 -0.03066 
  74 143B_BOVIN_(P29     USER_DEF    KKQQMGKEY  0.03000  2.88200  0.71350  0.26259 
  75 143B_BOVIN_(P29     USER_DEF    KQQMGKEYR  0.01300  1.73600  0.04894  0.06741 
  76 143B_BOVIN_(P29     USER_DEF    QQMGKEYRE  0.00600 -1.31100  0.02587 -0.02095 
  77 143B_BOVIN_(P29     USER_DEF    QMGKEYREK  0.01100  0.38700  0.38117  0.10644 
  78 143B_BOVIN_(P29     USER_DEF    MGKEYREKI  0.09000  0.26400  0.67338  0.24811 
  79 143B_BOVIN_(P29     USER_DEF    GKEYREKIE  0.00400 -1.80300  0.02321 -0.03585 
  80 143B_BOVIN_(P29     USER_DEF    KEYREKIEA  0.02500 -0.40700  0.49880  0.12705 
  81 143B_BOVIN_(P29     USER_DEF    EYREKIEAE  0.01200 -1.35500  0.02814 -0.01554 
  82 143B_BOVIN_(P29     USER_DEF    YREKIEAEL  0.05700  0.83000  0.94954  0.29140 
  83 143B_BOVIN_(P29     USER_DEF    REKIEAELQ  0.00800 -0.05100  0.03038  0.01356 
  84 143B_BOVIN_(P29     USER_DEF    EKIEAELQD  0.00400 -1.76900  0.02542 -0.03451 
  85 143B_BOVIN_(P29     USER_DEF    KIEAELQDI  0.03500  0.45900  0.18696  0.08854 
  86 143B_BOVIN_(P29     USER_DEF    IEAELQDIC  0.01600  0.02000  0.02382  0.02186 
  87 143B_BOVIN_(P29     USER_DEF    EAELQDICN  0.00600 -1.60200  0.02461 -0.02851 
  88 143B_BOVIN_(P29     USER_DEF    AELQDICND  0.00700 -1.95600  0.02899 -0.03538 
  89 143B_BOVIN_(P29     USER_DEF    ELQDICNDV  0.02300  0.25200  0.90659  0.23328 
  90 143B_BOVIN_(P29     USER_DEF    LQDICNDVL  0.05300  0.69100  0.57025  0.19858 
  91 143B_BOVIN_(P29     USER_DEF    QDICNDVLQ  0.00800 -0.28300  0.04061  0.01006 
  92 143B_BOVIN_(P29     USER_DEF    DICNDVLQL  0.02300  0.72700  0.75054  0.21005 
  93 143B_BOVIN_(P29     USER_DEF    ICNDVLQLL  0.03200  0.76500  0.71560  0.21213 
  94 143B_BOVIN_(P29     USER_DEF    CNDVLQLLD  0.00500 -2.17600  0.02467 -0.04385 
  95 143B_BOVIN_(P29     USER_DEF    NDVLQLLDK  0.00500  0.26500  0.32363  0.08444 
  96 143B_BOVIN_(P29     USER_DEF    DVLQLLDKY  0.02000  2.90600  0.87074  0.28857 
  97 143B_BOVIN_(P29     USER_DEF    VLQLLDKYL  0.03700  0.86500  0.35484  0.13846 
  98 143B_BOVIN_(P29     USER_DEF    LQLLDKYLI  0.02600  0.67900  0.37933  0.12833 
  99 143B_BOVIN_(P29     USER_DEF    QLLDKYLIP  0.01300  0.20300  0.30229  0.08609 
 100 143B_BOVIN_(P29     USER_DEF    LLDKYLIPN  0.01500 -1.51700  0.30639  0.04601 
 101 143B_BOVIN_(P29     USER_DEF    LDKYLIPNA  0.01900 -0.79300  0.03562  0.00719 
 102 143B_BOVIN_(P29     USER_DEF    DKYLIPNAT  0.01900 -0.73700  0.05061  0.01196 
 103 143B_BOVIN_(P29     USER_DEF    KYLIPNATQ  0.01600  0.14500  0.29905  0.08691 
 104 143B_BOVIN_(P29     USER_DEF    YLIPNATQP  0.04300  0.27400  0.09126  0.07038 
 105 143B_BOVIN_(P29     USER_DEF    LIPNATQPE  0.03200 -1.50000  0.03339  0.00201 
 106 143B_BOVIN_(P29     USER_DEF    IPNATQPES  0.15100 -2.57300  0.05760  0.09964 
 107 143B_BOVIN_(P29     USER_DEF    PNATQPESK  0.00400 -0.14200  0.10121  0.02322 
 108 143B_BOVIN_(P29     USER_DEF    NATQPESKV  0.07200  0.22300  0.54188  0.19950 
 109 143B_BOVIN_(P29     USER_DEF    ATQPESKVF  0.06900  2.76600  0.90485  0.34174 
 110 143B_BOVIN_(P29     USER_DEF    TQPESKVFY  0.02500  3.11800  0.56423  0.22990 
 111 143B_BOVIN_(P29     USER_DEF    QPESKVFYL  0.34300  0.52900  0.94899  0.56975 
 112 143B_BOVIN_(P29     USER_DEF    PESKVFYLK  0.00700 -0.20400  0.80011  0.18193 
 113 143B_BOVIN_(P29     USER_DEF    ESKVFYLKM  0.06700 -0.00600  0.91689  0.27315 
 114 143B_BOVIN_(P29     USER_DEF    SKVFYLKMK  0.01100  0.47800  0.11423  0.04865 
 115 143B_BOVIN_(P29     USER_DEF    KVFYLKMKG  0.02800 -0.98400  0.02820  0.00975 
 116 143B_BOVIN_(P29     USER_DEF    VFYLKMKGD  0.00500 -1.29800  0.02631 -0.02153 
 117 143B_BOVIN_(P29     USER_DEF    FYLKMKGDY  0.02600  3.15900  0.61124  0.24250 
 118 143B_BOVIN_(P29     USER_DEF    YLKMKGDYF  0.12500  2.42700  0.24840  0.24156 
 119 143B_BOVIN_(P29     USER_DEF    LKMKGDYFR  0.01000  1.55100  0.18648  0.09073 
 120 143B_BOVIN_(P29     USER_DEF    KMKGDYFRY  0.03600  3.19900  0.96854  0.33390 
 121 143B_BOVIN_(P29     USER_DEF    MKGDYFRYL  0.11100  0.98900  0.91894  0.34249 
 122 143B_BOVIN_(P29     USER_DEF    KGDYFRYLS  0.02200 -2.54500  0.03650 -0.03341 
 123 143B_BOVIN_(P29     USER_DEF    GDYFRYLSE  0.01600 -1.76400  0.05702 -0.01527 
 124 143B_BOVIN_(P29     USER_DEF    DYFRYLSEV  0.03800  0.34500  0.97058  0.26501 
 125 143B_BOVIN_(P29     USER_DEF    YFRYLSEVA  0.11500 -0.47800  0.15638  0.13823 
 126 143B_BOVIN_(P29     USER_DEF    FRYLSEVAS  0.02700 -1.99900  0.05011 -0.01170 
 127 143B_BOVIN_(P29     USER_DEF    RYLSEVASG  0.01900 -0.97400  0.13796  0.02569 
 128 143B_BOVIN_(P29     USER_DEF    YLSEVASGD  0.02000 -1.68800  0.03664 -0.01396 
 129 143B_BOVIN_(P29     USER_DEF    LSEVASGDN  0.01200 -1.46700  0.02882 -0.01819 
 130 143B_BOVIN_(P29     USER_DEF    SEVASGDNK  0.01700  0.50800  0.14102  0.06143 
 131 143B_BOVIN_(P29     USER_DEF    EVASGDNKQ  0.01300 -0.10000  0.15086  0.04444 
 132 143B_BOVIN_(P29     USER_DEF    VASGDNKQT  0.01600 -0.76200  0.03773  0.00544 
 133 143B_BOVIN_(P29     USER_DEF    ASGDNKQTT  0.02400 -0.63700  0.07645  0.02528 
 134 143B_BOVIN_(P29     USER_DEF    SGDNKQTTV  0.05500  0.07900  0.95954  0.27287 
 135 143B_BOVIN_(P29     USER_DEF    GDNKQTTVS  0.01200 -2.77200  0.08441 -0.03831 
 136 143B_BOVIN_(P29     USER_DEF    DNKQTTVSN  0.00900 -1.81600  0.04114 -0.02714 
 137 143B_BOVIN_(P29     USER_DEF    NKQTTVSNS  0.01100 -2.33000  0.02999 -0.04050 
 138 143B_BOVIN_(P29     USER_DEF    KQTTVSNSQ  0.02000  0.18200  0.56125  0.15083 
 139 143B_BOVIN_(P29     USER_DEF    QTTVSNSQQ  0.01300 -0.04900  0.04891  0.02278 
 140 143B_BOVIN_(P29     USER_DEF    TTVSNSQQA  0.05400 -0.54900  0.27422  0.10197 
 141 143B_BOVIN_(P29     USER_DEF    TVSNSQQAY  0.05200  3.04800  0.95684  0.34349 
 142 143B_BOVIN_(P29     USER_DEF    VSNSQQAYQ  0.01100 -0.08700  0.06183  0.02274 
 143 143B_BOVIN_(P29     USER_DEF    SNSQQAYQE  0.00800 -1.62200  0.02478 -0.02698 
 144 143B_BOVIN_(P29     USER_DEF    NSQQAYQEA  0.05700 -0.43600  0.05756  0.05905 
 145 143B_BOVIN_(P29     USER_DEF    SQQAYQEAF  0.08400  2.77200  0.72690  0.31685 
 146 143B_BOVIN_(P29     USER_DEF    QQAYQEAFE  0.00600 -1.40600  0.02238 -0.02412 
 147 143B_BOVIN_(P29     USER_DEF    QAYQEAFEI  0.10000  0.73800  0.74620  0.28635 
 148 143B_BOVIN_(P29     USER_DEF    AYQEAFEIS  0.01200 -1.91800  0.06879 -0.02047 
 149 143B_BOVIN_(P29     USER_DEF    YQEAFEISK  0.01800  0.53000  0.91739  0.23766 
 150 143B_BOVIN_(P29     USER_DEF    QEAFEISKK  0.01100  0.30700  0.95995  0.23466 
 151 143B_BOVIN_(P29     USER_DEF    EAFEISKKE  0.01500 -1.65400  0.07368 -0.00977 
 152 143B_BOVIN_(P29     USER_DEF    AFEISKKEM  0.05800  0.30500  0.65511  0.21302 
 153 143B_BOVIN_(P29     USER_DEF    FEISKKEMQ  0.01400 -0.11300  0.02597  0.01702 
 154 143B_BOVIN_(P29     USER_DEF    EISKKEMQP  0.01100 -0.08000  0.03542  0.01697 
 155 143B_BOVIN_(P29     USER_DEF    ISKKEMQPT  0.04100 -0.81100  0.03164  0.02784 
 156 143B_BOVIN_(P29     USER_DEF    SKKEMQPTH  0.02000 -0.42600  0.09253  0.03017 
 157 143B_BOVIN_(P29     USER_DEF    KKEMQPTHP  0.00700  0.17100  0.02902  0.01780 
 158 143B_BOVIN_(P29     USER_DEF    KEMQPTHPI  0.13100  0.67200  0.89967  0.35023 
 159 143B_BOVIN_(P29     USER_DEF    EMQPTHPIR  0.01500  1.47100  0.31437  0.12251 
 160 143B_BOVIN_(P29     USER_DEF    MQPTHPIRL  0.09900  0.89500  0.95489  0.33622 
 161 143B_BOVIN_(P29     USER_DEF    QPTHPIRLG  0.06700 -1.68700  0.08065  0.04297 
 162 143B_BOVIN_(P29     USER_DEF    PTHPIRLGL  0.07600  0.43400  0.76770  0.25958 
 163 143B_BOVIN_(P29     USER_DEF    THPIRLGLA  0.03500 -0.70900  0.04437  0.02726 
 164 143B_BOVIN_(P29     USER_DEF    HPIRLGLAL  0.85300  0.63800  0.82987  1.05567 
 165 143B_BOVIN_(P29     USER_DEF    PIRLGLALN  0.00600 -1.64100  0.02541 -0.02931 
 166 143B_BOVIN_(P29     USER_DEF    IRLGLALNF  0.04500  2.63700  0.46173  0.21481 
 167 143B_BOVIN_(P29     USER_DEF    RLGLALNFS  0.01800 -2.13600  0.02525 -0.02972 
 168 143B_BOVIN_(P29     USER_DEF    LGLALNFSV  0.06600  0.20200  0.18228  0.11206 
 169 143B_BOVIN_(P29     USER_DEF    GLALNFSVF  0.13000  2.44000  0.88531  0.39020 
 170 143B_BOVIN_(P29     USER_DEF    LALNFSVFY  0.05600  2.96900  0.96263  0.34682 
 171 143B_BOVIN_(P29     USER_DEF    ALNFSVFYY  0.03400  3.04200  0.97083  0.32849 
 172 143B_BOVIN_(P29     USER_DEF    LNFSVFYYE  0.01100 -1.44800  0.06393 -0.01082 
 173 143B_BOVIN_(P29     USER_DEF    NFSVFYYEI  0.04000  0.78300  0.91820  0.26617 
 174 143B_BOVIN_(P29     USER_DEF    FSVFYYEIL  0.08600  1.11900  0.89915  0.31628 
 175 143B_BOVIN_(P29     USER_DEF    SVFYYEILN  0.01100 -1.11700  0.03313 -0.00947 
 176 143B_BOVIN_(P29     USER_DEF    VFYYEILNS  0.01300 -1.77500  0.02701 -0.02530 
 177 143B_BOVIN_(P29     USER_DEF    FYYEILNSP  0.02200  0.50800  0.30817  0.10404 
 178 143B_BOVIN_(P29     USER_DEF    YYEILNSPE  0.01900 -1.57000  0.04665 -0.00975 
 179 143B_BOVIN_(P29     USER_DEF    YEILNSPEK  0.02300  0.32600  0.95294  0.24556 
 180 143B_BOVIN_(P29     USER_DEF    EILNSPEKA  0.01900 -0.64500  0.25730  0.06077 
 181 143B_BOVIN_(P29     USER_DEF    ILNSPEKAC  0.02300 -0.20400  0.03692  0.02621 
 182 143B_BOVIN_(P29     USER_DEF    LNSPEKACS  0.00800 -2.38900  0.02610 -0.04585 
 183 143B_BOVIN_(P29     USER_DEF    NSPEKACSL  0.10500  1.06500  0.96531  0.34882 
 184 143B_BOVIN_(P29     USER_DEF    SPEKACSLA  0.30400 -0.79000  0.93174  0.49389 
 185 143B_BOVIN_(P29     USER_DEF    PEKACSLAK  0.01300 -0.09900  0.41253  0.10334 
 186 143B_BOVIN_(P29     USER_DEF    EKACSLAKT  0.01800 -0.98800  0.03864  0.00200 
 187 143B_BOVIN_(P29     USER_DEF    KACSLAKTA  0.04700 -0.53400  0.04804  0.04446 
 188 143B_BOVIN_(P29     USER_DEF    ACSLAKTAF  0.08400  2.79600  0.22218  0.20389 
 189 143B_BOVIN_(P29     USER_DEF    CSLAKTAFD  0.01500 -1.64400  0.02626 -0.02019 
 190 143B_BOVIN_(P29     USER_DEF    SLAKTAFDE  0.01600 -1.48300  0.03891 -0.01232 
 191 143B_BOVIN_(P29     USER_DEF    LAKTAFDEA  0.13100 -0.42700  0.22088  0.17002 
 192 143B_BOVIN_(P29     USER_DEF    AKTAFDEAI  0.04100  0.74000  0.12444  0.08750 
 193 143B_BOVIN_(P29     USER_DEF    KTAFDEAIA  0.05300 -0.27900  0.25579  0.10358 
 194 143B_BOVIN_(P29     USER_DEF    TAFDEAIAE  0.02700 -1.32100  0.03407  0.00164 
 195 143B_BOVIN_(P29     USER_DEF    AFDEAIAEL  0.05500  1.10000  0.97574  0.30204 
 196 143B_BOVIN_(P29     USER_DEF    FDEAIAELD  0.00900 -2.20800  0.02565 -0.04043 
 197 143B_BOVIN_(P29     USER_DEF    DEAIAELDT  0.00900 -1.24500  0.02383 -0.01676 
 198 143B_BOVIN_(P29     USER_DEF    EAIAELDTL  0.10100  0.73300  0.61824  0.25843 
 199 143B_BOVIN_(P29     USER_DEF    AIAELDTLN  0.01200 -1.19300  0.05451 -0.00556 
 200 143B_BOVIN_(P29     USER_DEF    IAELDTLNE  0.01600 -1.48000  0.04865 -0.01005 
 201 143B_BOVIN_(P29     USER_DEF    AELDTLNEE  0.01100 -1.53000  0.06360 -0.01294 
 202 143B_BOVIN_(P29     USER_DEF    ELDTLNEES  0.00800 -2.45200  0.04457 -0.04327 
 203 143B_BOVIN_(P29     USER_DEF    LDTLNEESY  0.01500  2.41800  0.77601  0.25005 
 204 143B_BOVIN_(P29     USER_DEF    DTLNEESYK  0.00500  0.19300  0.64369  0.15466 
 205 143B_BOVIN_(P29     USER_DEF    TLNEESYKD  0.00600 -2.05000  0.05546 -0.03277 
 206 143B_BOVIN_(P29     USER_DEF    LNEESYKDS  0.00500 -2.52800  0.02337 -0.05294 
 207 143B_BOVIN_(P29     USER_DEF    NEESYKDST  0.01300 -0.90000  0.02564 -0.00373 
 208 143B_BOVIN_(P29     USER_DEF    EESYKDSTL  0.05200  0.75200  0.71138  0.23086 
 209 143B_BOVIN_(P29     USER_DEF    ESYKDSTLI  0.06200  0.39100  0.80354  0.25257 
 210 143B_BOVIN_(P29     USER_DEF    SYKDSTLIM  0.11100  0.45300  0.97351  0.34136 
 211 143B_BOVIN_(P29     USER_DEF    YKDSTLIMQ  0.01200 -0.19800  0.06015  0.02058 
 212 143B_BOVIN_(P29     USER_DEF    KDSTLIMQL  0.04100  0.69800  0.89874  0.26067 
 213 143B_BOVIN_(P29     USER_DEF    DSTLIMQLL  0.04000  0.74400  0.74509  0.22625 
 214 143B_BOVIN_(P29     USER_DEF    STLIMQLLR  0.01100  1.39500  0.10786  0.07014 
 215 143B_BOVIN_(P29     USER_DEF    TLIMQLLRD  0.00700 -1.69400  0.03312 -0.02790 
 216 143B_BOVIN_(P29     USER_DEF    LIMQLLRDN  0.01700 -1.10800  0.02371 -0.00537 
 217 143B_BOVIN_(P29     USER_DEF    IMQLLRDNL  0.12800  1.11500  0.25153  0.21247 
 218 143B_BOVIN_(P29     USER_DEF    MQLLRDNLT  0.02400 -0.55600  0.03096  0.01707 
 219 143B_BOVIN_(P29     USER_DEF    QLLRDNLTL  0.09400  1.04100  0.97391  0.33915 
 220 143B_BOVIN_(P29     USER_DEF    LLRDNLTLW  0.09600  0.90800  0.97197  0.33739 
 221 143B_BOVIN_(P29     USER_DEF    LRDNLTLWT  0.01600 -0.62300  0.48298  0.10910 
 222 143B_BOVIN_(P29     USER_DEF    RDNLTLWTS  0.01300 -2.35500  0.23105  0.00611 
 223 143B_BOVIN_(P29     USER_DEF    DNLTLWTSE  0.00800 -1.88400  0.04242 -0.02956 
 224 143B_BOVIN_(P29     USER_DEF    NLTLWTSEN  0.01400 -1.43400  0.64445  0.12315 
 225 143B_BOVIN_(P29     USER_DEF    LTLWTSENQ  0.01700  0.03600  0.08977  0.03810 
 226 143B_BOVIN_(P29     USER_DEF    TLWTSENQG  0.01400 -1.17700  0.49083  0.09501 
 227 143B_BOVIN_(P29     USER_DEF    LWTSENQGD  0.00400 -1.59100  0.05418 -0.02359 
 228 143B_BOVIN_(P29     USER_DEF    WTSENQGDE  0.01600 -1.57000  0.02809 -0.01693 
 229 143B_BOVIN_(P29     USER_DEF    TSENQGDEG  0.00700 -1.57600  0.04109 -0.02315 
 230 143B_BOVIN_(P29     USER_DEF    SENQGDEGD  0.00600 -1.98200  0.03467 -0.03575 
 231 143B_BOVIN_(P29     USER_DEF    ENQGDEGDA  0.01000 -0.87000  0.07864  0.00594 
 232 143B_BOVIN_(P29     USER_DEF    NQGDEGDAG  0.01000 -1.61300  0.03644 -0.02213 
 233 143B_BOVIN_(P29     USER_DEF    QGDEGDAGE  0.00500 -1.85400  0.03549 -0.03336 
 234 143B_BOVIN_(P29     USER_DEF    GDEGDAGEG  0.00500 -2.07500  0.20893  0.00013 
 235 143B_BOVIN_(P29     USER_DEF    DEGDAGEGE  0.00400 -2.21000  0.04146 -0.04192 
 236 143B_BOVIN_(P29     USER_DEF    EGDAGEGEN  0.00800 -2.10100  0.05666 -0.03178 

----------------------------------------------------------------------

Number of MHC ligands 0 identified. Number of peptides 237. Allele USER_DEF. Protein name 143B_BOVIN_(P29

----------------------------------------------------------------------

